// Jest Snapshot v1, https://goo.gl/fbAQLP

exports[`<Home /> should render 1`] = `
<ForwardRef
  className="card"
>
  <WithStyles(ForwardRef(CardContent))
    className="card-content"
  >
    <picture>
      <source
        media="(min-width: 679px)"
        srcSet="home-image.webp"
        type="image/webp"
      />
      <source
        srcSet="home-image_300.webp"
        type="image/webp"
      />
      <source
        media="(min-width: 679px)"
        srcSet="home-image.png"
        type="image/png"
      />
      <LazyImg
        alt="home page"
        loading="eager"
        src="home-image_300.png"
      />
    </picture>
    <WithStyles(ForwardRef(Typography))
      variant="h5"
    >
      <strong>
        MoDEL_CNS
      </strong>
       is a platform designed to provide web-access to 
      <strong>
        atomistic-MD trajectories
      </strong>
       for relevant
       
      <strong>
        signal transduction proteins
      </strong>
      .
    </WithStyles(ForwardRef(Typography))>
    <WithStyles(ForwardRef(Typography))
      variant="h5"
    >
      The project is part of the Service for providing molecular simulation-based predictions for systems neurobiology of the
       
      <strong>
        Human Brain Project
      </strong>
      .
    </WithStyles(ForwardRef(Typography))>
    <WithStyles(ForwardRef(Typography))
      variant="h5"
    >
      <strong>
        MoDEL_CNS
      </strong>
       expands the 
      <strong>
        Mo
      </strong>
      lecular 
      <strong>
        D
      </strong>
      ynamics 
      <strong>
        E
      </strong>
      xtended 
      <strong>
        L
      </strong>
      ibrary (
      <a
        href="http://mmb.pcb.ub.es/MoDEL/"
        rel="noopener noreferrer"
        target="_blank"
      >
        MoDEL
      </a>
      ) database of atomistic Molecular Dynamics trajectories with proteins involved in 
      <strong>
        Central Nervous System
      </strong>
       (CNS) processes, including membrane proteins.
    </WithStyles(ForwardRef(Typography))>
    <WithStyles(ForwardRef(Typography))
      variant="h5"
    >
      <strong>
        MoDEL_CNS web server interface
      </strong>
       presents the resulting trajectories, analyses, and protein properties. All data produced by the project is available to download.
    </WithStyles(ForwardRef(Typography))>
    <WithStyles(ForwardRef(Typography))
      className="with-background"
      variant="h5"
    >
      <strong>
        MoDEL_CNS
      </strong>
       will contribute in the improvement of the understanding of neuronal signalling cascades by protein structure-based simulations, calculating molecular flexibility and dynamics, and guiding systems level modelling.
    </WithStyles(ForwardRef(Typography))>
    <div
      className="acknowledgements"
    >
      <div
        className="acknowledgements-text"
      >
        <WithStyles(ForwardRef(Typography))
          variant="h5"
        >
          <strong>
            Acknowledgements
          </strong>
        </WithStyles(ForwardRef(Typography))>
        <br />
        This open source software code was developed in part in the Human Barin Project, funded from the European Union's Horizon 2020 Framework Programme for Research and Innovation under Specific Grant Agreements No. 720270 and No. 785907 (Human Brain Project SGA1 and SGA 2).
      </div>
      <div
        className="acknowledgements-logo"
      >
        <LazyImg
          alt=""
          className="fill"
          loading="lazy"
          src="eu.png"
        />
      </div>
    </div>
  </WithStyles(ForwardRef(CardContent))>
</ForwardRef>
`;
