// Jest Snapshot v1, https://goo.gl/fbAQLP

exports[`<NGLViewerWithControls /> should render 1`] = `
<div
  className="fullscreen-target"
>
  <WithStyles(ForwardRef(CardContent))
    className="card-content"
  >
    <Memo([object Object])
      bannedChains=""
      darkBackground={true}
      membraneOpacity={0.5}
      nFrames={25}
      onProgress={[Function]}
      perspective={false}
      playing={true}
      smooth={false}
      speed={50}
      spinning={false}
    />
    <div
      className="progress dark"
      onClick={[Function]}
      onMouseMove={[Function]}
    >
      <WithStyles(ForwardRef(LinearProgress))
        color="secondary"
        value={0}
        variant="determinate"
      />
    </div>
    <div
      className="controls"
    >
      <WithStyles(ForwardRef(IconButton))
        onClick={[Function]}
        title="Previous frame"
      >
        <FontAwesomeIcon
          border={false}
          className=""
          fixedWidth={false}
          flip={null}
          icon={
            Object {
              "icon": Array [
                448,
                512,
                Array [],
                "f048",
                "M64 468V44c0-6.6 5.4-12 12-12h48c6.6 0 12 5.4 12 12v176.4l195.5-181C352.1 22.3 384 36.6 384 64v384c0 27.4-31.9 41.7-52.5 24.6L136 292.7V468c0 6.6-5.4 12-12 12H76c-6.6 0-12-5.4-12-12z",
              ],
              "iconName": "step-backward",
              "prefix": "fas",
            }
          }
          inverse={false}
          listItem={false}
          mask={null}
          pull={null}
          pulse={false}
          rotation={null}
          size={null}
          spin={false}
          swapOpacity={false}
          symbol={false}
          title=""
          transform={null}
        />
      </WithStyles(ForwardRef(IconButton))>
      <WithStyles(ForwardRef(IconButton))
        onClick={[Function]}
        title="Pause"
      >
        <div
          className="flip-container"
        >
          <div
            className="flip-card-container flipped"
          >
            <FontAwesomeIcon
              border={false}
              className="flip-card front"
              fixedWidth={false}
              flip={null}
              icon={
                Object {
                  "icon": Array [
                    448,
                    512,
                    Array [],
                    "f04b",
                    "M424.4 214.7L72.4 6.6C43.8-10.3 0 6.1 0 47.9V464c0 37.5 40.7 60.1 72.4 41.3l352-208c31.4-18.5 31.5-64.1 0-82.6z",
                  ],
                  "iconName": "play",
                  "prefix": "fas",
                }
              }
              inverse={false}
              listItem={false}
              mask={null}
              pull={null}
              pulse={false}
              rotation={null}
              size={null}
              spin={false}
              swapOpacity={false}
              symbol={false}
              title=""
              transform={null}
            />
            <FontAwesomeIcon
              border={false}
              className="flip-card back"
              fixedWidth={false}
              flip={null}
              icon={
                Object {
                  "icon": Array [
                    448,
                    512,
                    Array [],
                    "f04c",
                    "M144 479H48c-26.5 0-48-21.5-48-48V79c0-26.5 21.5-48 48-48h96c26.5 0 48 21.5 48 48v352c0 26.5-21.5 48-48 48zm304-48V79c0-26.5-21.5-48-48-48h-96c-26.5 0-48 21.5-48 48v352c0 26.5 21.5 48 48 48h96c26.5 0 48-21.5 48-48z",
                  ],
                  "iconName": "pause",
                  "prefix": "fas",
                }
              }
              inverse={false}
              listItem={false}
              mask={null}
              pull={null}
              pulse={false}
              rotation={null}
              size={null}
              spin={false}
              swapOpacity={false}
              symbol={false}
              title=""
              transform={null}
            />
          </div>
        </div>
      </WithStyles(ForwardRef(IconButton))>
      <WithStyles(ForwardRef(IconButton))
        onClick={[Function]}
        title="Next frame"
      >
        <FontAwesomeIcon
          border={false}
          className=""
          fixedWidth={false}
          flip={null}
          icon={
            Object {
              "icon": Array [
                448,
                512,
                Array [],
                "f051",
                "M384 44v424c0 6.6-5.4 12-12 12h-48c-6.6 0-12-5.4-12-12V291.6l-195.5 181C95.9 489.7 64 475.4 64 448V64c0-27.4 31.9-41.7 52.5-24.6L312 219.3V44c0-6.6 5.4-12 12-12h48c6.6 0 12 5.4 12 12z",
              ],
              "iconName": "step-forward",
              "prefix": "fas",
            }
          }
          inverse={false}
          listItem={false}
          mask={null}
          pull={null}
          pulse={false}
          rotation={null}
          size={null}
          spin={false}
          swapOpacity={false}
          symbol={false}
          title=""
          transform={null}
        />
      </WithStyles(ForwardRef(IconButton))>
      <WithStyles(ForwardRef(IconButton))
        onClick={[Function]}
        title="Toggle spin"
      >
        <FontAwesomeIcon
          border={false}
          className=""
          fixedWidth={false}
          flip={null}
          icon={
            Object {
              "icon": Array [
                512,
                512,
                Array [],
                "f2f1",
                "M370.72 133.28C339.458 104.008 298.888 87.962 255.848 88c-77.458.068-144.328 53.178-162.791 126.85-1.344 5.363-6.122 9.15-11.651 9.15H24.103c-7.498 0-13.194-6.807-11.807-14.176C33.933 94.924 134.813 8 256 8c66.448 0 126.791 26.136 171.315 68.685L463.03 40.97C478.149 25.851 504 36.559 504 57.941V192c0 13.255-10.745 24-24 24H345.941c-21.382 0-32.09-25.851-16.971-40.971l41.75-41.749zM32 296h134.059c21.382 0 32.09 25.851 16.971 40.971l-41.75 41.75c31.262 29.273 71.835 45.319 114.876 45.28 77.418-.07 144.315-53.144 162.787-126.849 1.344-5.363 6.122-9.15 11.651-9.15h57.304c7.498 0 13.194 6.807 11.807 14.176C478.067 417.076 377.187 504 256 504c-66.448 0-126.791-26.136-171.315-68.685L48.97 471.03C33.851 486.149 8 475.441 8 454.059V320c0-13.255 10.745-24 24-24z",
              ],
              "iconName": "sync-alt",
              "prefix": "fas",
            }
          }
          inverse={false}
          listItem={false}
          mask={null}
          pull={null}
          pulse={false}
          rotation={null}
          size={null}
          spin={false}
          swapOpacity={false}
          symbol={false}
          title=""
          transform={null}
        />
      </WithStyles(ForwardRef(IconButton))>
      <WithStyles(ForwardRef(IconButton))
        onClick={[Function]}
        title="Center focus"
      >
        <FontAwesomeIcon
          border={false}
          className=""
          fixedWidth={false}
          flip={null}
          icon={
            Object {
              "icon": Array [
                512,
                512,
                Array [],
                "f192",
                "M256 56c110.532 0 200 89.451 200 200 0 110.532-89.451 200-200 200-110.532 0-200-89.451-200-200 0-110.532 89.451-200 200-200m0-48C119.033 8 8 119.033 8 256s111.033 248 248 248 248-111.033 248-248S392.967 8 256 8zm0 168c-44.183 0-80 35.817-80 80s35.817 80 80 80 80-35.817 80-80-35.817-80-80-80z",
              ],
              "iconName": "dot-circle",
              "prefix": "far",
            }
          }
          inverse={false}
          listItem={false}
          mask={null}
          pull={null}
          pulse={false}
          rotation={null}
          size={null}
          spin={false}
          swapOpacity={false}
          symbol={false}
          title=""
          transform={null}
        />
      </WithStyles(ForwardRef(IconButton))>
      <WithStyles(ForwardRef(IconButton))
        disabled={false}
        onClick={[Function]}
        title="Toggle smooth interpolation on (may display artifacts for simulation box border atoms)"
      >
        <FontAwesomeIcon
          border={false}
          className=""
          fixedWidth={false}
          flip={null}
          icon={
            Object {
              "icon": Array [
                576,
                512,
                Array [],
                "f03d",
                "M336.2 64H47.8C21.4 64 0 85.4 0 111.8v288.4C0 426.6 21.4 448 47.8 448h288.4c26.4 0 47.8-21.4 47.8-47.8V111.8c0-26.4-21.4-47.8-47.8-47.8zm189.4 37.7L416 177.3v157.4l109.6 75.5c21.2 14.6 50.4-.3 50.4-25.8V127.5c0-25.4-29.1-40.4-50.4-25.8z",
              ],
              "iconName": "video",
              "prefix": "fas",
            }
          }
          inverse={false}
          listItem={false}
          mask={null}
          pull={null}
          pulse={false}
          rotation={null}
          size={null}
          spin={false}
          swapOpacity={false}
          symbol={false}
          title=""
          transform={null}
        />
      </WithStyles(ForwardRef(IconButton))>
      <WithStyles(ForwardRef(IconButton))
        onClick={[Function]}
        title="Invert background color"
      >
        <div
          className="background-toggle dark"
        >
          <FontAwesomeIcon
            border={false}
            className=""
            fixedWidth={false}
            flip={null}
            icon={
              Object {
                "icon": Array [
                  512,
                  512,
                  Array [],
                  "f042",
                  "M8 256c0 136.966 111.033 248 248 248s248-111.034 248-248S392.966 8 256 8 8 119.033 8 256zm248 184V72c101.705 0 184 82.311 184 184 0 101.705-82.311 184-184 184z",
                ],
                "iconName": "adjust",
                "prefix": "fas",
              }
            }
            inverse={false}
            listItem={false}
            mask={null}
            pull={null}
            pulse={false}
            rotation={null}
            size={null}
            spin={false}
            swapOpacity={false}
            symbol={false}
            title=""
            transform={null}
          />
        </div>
      </WithStyles(ForwardRef(IconButton))>
      <WithStyles(ForwardRef(IconButton))
        onClick={[Function]}
        title="Switch to perspective view"
      >
        <FontAwesomeIcon
          border={false}
          className=""
          fixedWidth={false}
          flip={null}
          icon={
            Object {
              "icon": Array [
                512,
                512,
                Array [],
                "f1b2",
                "M239.1 6.3l-208 78c-18.7 7-31.1 25-31.1 45v225.1c0 18.2 10.3 34.8 26.5 42.9l208 104c13.5 6.8 29.4 6.8 42.9 0l208-104c16.3-8.1 26.5-24.8 26.5-42.9V129.3c0-20-12.4-37.9-31.1-44.9l-208-78C262 2.2 250 2.2 239.1 6.3zM256 68.4l192 72v1.1l-192 78-192-78v-1.1l192-72zm32 356V275.5l160-65v133.9l-160 80z",
              ],
              "iconName": "cube",
              "prefix": "fas",
            }
          }
          inverse={false}
          listItem={false}
          mask={null}
          pull={null}
          pulse={false}
          rotation={null}
          size={null}
          spin={false}
          swapOpacity={false}
          symbol={false}
          title=""
          transform={null}
        />
      </WithStyles(ForwardRef(IconButton))>
      <Memo()
        bannedChains=""
        chainBanner={[Function]}
        className="slider"
        label="Chains display:"
        title="Change displayed chains"
      >
        <FontAwesomeIcon
          border={false}
          className=""
          fixedWidth={false}
          flip={null}
          icon={
            Object {
              "icon": Array [
                576,
                512,
                Array [],
                "f12e",
                "M519.442 288.651c-41.519 0-59.5 31.593-82.058 31.593C377.409 320.244 432 144 432 144s-196.288 80-196.288-3.297c0-35.827 36.288-46.25 36.288-85.985C272 19.216 243.885 0 210.539 0c-34.654 0-66.366 18.891-66.366 56.346 0 41.364 31.711 59.277 31.711 81.75C175.885 207.719 0 166.758 0 166.758v333.237s178.635 41.047 178.635-28.662c0-22.473-40-40.107-40-81.471 0-37.456 29.25-56.346 63.577-56.346 33.673 0 61.788 19.216 61.788 54.717 0 39.735-36.288 50.158-36.288 85.985 0 60.803 129.675 25.73 181.23 25.73 0 0-34.725-120.101 25.827-120.101 35.962 0 46.423 36.152 86.308 36.152C556.712 416 576 387.99 576 354.443c0-34.199-18.962-65.792-56.558-65.792z",
              ],
              "iconName": "puzzle-piece",
              "prefix": "fas",
            }
          }
          inverse={false}
          listItem={false}
          mask={null}
          pull={null}
          pulse={false}
          rotation={null}
          size={null}
          spin={false}
          swapOpacity={false}
          symbol={false}
          title=""
          transform={null}
        />
      </Memo()>
      <Memo()
        className="slider"
        handleChange={[Function]}
        label="Membrane opacity:"
        title="Change membrane opacity"
        value={50}
      >
        <FontAwesomeIcon
          border={false}
          className=""
          fixedWidth={false}
          flip={null}
          icon={
            Object {
              "icon": Array [
                512,
                512,
                Array [],
                "f1fc",
                "M167.02 309.34c-40.12 2.58-76.53 17.86-97.19 72.3-2.35 6.21-8 9.98-14.59 9.98-11.11 0-45.46-27.67-55.25-34.35C0 439.62 37.93 512 128 512c75.86 0 128-43.77 128-120.19 0-3.11-.65-6.08-.97-9.13l-88.01-73.34zM457.89 0c-15.16 0-29.37 6.71-40.21 16.45C213.27 199.05 192 203.34 192 257.09c0 13.7 3.25 26.76 8.73 38.7l63.82 53.18c7.21 1.8 14.64 3.03 22.39 3.03 62.11 0 98.11-45.47 211.16-256.46 7.38-14.35 13.9-29.85 13.9-45.99C512 20.64 486 0 457.89 0z",
              ],
              "iconName": "paint-brush",
              "prefix": "fas",
            }
          }
          inverse={false}
          listItem={false}
          mask={null}
          pull={null}
          pulse={false}
          rotation={null}
          size={null}
          spin={false}
          swapOpacity={false}
          symbol={false}
          title=""
          transform={null}
        />
      </Memo()>
      <Memo()
        className="slider"
        handleChange={[Function]}
        label="Player speed:"
        title="Change player speed"
        value={50}
      >
        <FontAwesomeIcon
          border={false}
          className=""
          fixedWidth={false}
          flip={null}
          icon={
            Object {
              "icon": Array [
                416,
                512,
                Array [],
                "f70c",
                "M272 96c26.51 0 48-21.49 48-48S298.51 0 272 0s-48 21.49-48 48 21.49 48 48 48zM113.69 317.47l-14.8 34.52H32c-17.67 0-32 14.33-32 32s14.33 32 32 32h77.45c19.25 0 36.58-11.44 44.11-29.09l8.79-20.52-10.67-6.3c-17.32-10.23-30.06-25.37-37.99-42.61zM384 223.99h-44.03l-26.06-53.25c-12.5-25.55-35.45-44.23-61.78-50.94l-71.08-21.14c-28.3-6.8-57.77-.55-80.84 17.14l-39.67 30.41c-14.03 10.75-16.69 30.83-5.92 44.86s30.84 16.66 44.86 5.92l39.69-30.41c7.67-5.89 17.44-8 25.27-6.14l14.7 4.37-37.46 87.39c-12.62 29.48-1.31 64.01 26.3 80.31l84.98 50.17-27.47 87.73c-5.28 16.86 4.11 34.81 20.97 40.09 3.19 1 6.41 1.48 9.58 1.48 13.61 0 26.23-8.77 30.52-22.45l31.64-101.06c5.91-20.77-2.89-43.08-21.64-54.39l-61.24-36.14 31.31-78.28 20.27 41.43c8 16.34 24.92 26.89 43.11 26.89H384c17.67 0 32-14.33 32-32s-14.33-31.99-32-31.99z",
              ],
              "iconName": "running",
              "prefix": "fas",
            }
          }
          inverse={false}
          listItem={false}
          mask={null}
          pull={null}
          pulse={false}
          rotation={null}
          size={null}
          spin={false}
          swapOpacity={false}
          symbol={false}
          title=""
          transform={null}
        />
      </Memo()>
      <WithStyles(ForwardRef(FormControl))>
        <WithStyles(ForwardRef(InputLabel))>
          frames
        </WithStyles(ForwardRef(InputLabel))>
        <WithStyles(ForwardRef(Select))
          native={true}
          onChange={[Function]}
          value={25}
        >
          <option
            value={10}
          >
            10
          </option>
          <option
            value={25}
          >
            25
          </option>
          <option
            value={50}
          >
            50
          </option>
          <option
            value={100}
          >
            100
          </option>
          <option
            value={500}
          >
            500
          </option>
        </WithStyles(ForwardRef(Select))>
      </WithStyles(ForwardRef(FormControl))>
    </div>
  </WithStyles(ForwardRef(CardContent))>
</div>
`;
